// Jest Snapshot v1, https://goo.gl/fbAQLP

exports[`Main after sign in buttons New task pop-up "New task" -> click on should be open pop-up 1`] = `
<div
  id="modal"
>
  <div>
    <div>
      <label>
        Theme
      </label>
      <input
        name="title"
        value=""
      />
      <label>
        Task
      </label>
      <textarea
        name="theme"
      />
      <label>
        Due date
      </label>
      <input
        min="2018-10-08"
        name="due_date"
        type="date"
        value="2018-10-08"
      />
      <div
        class="btn-group"
      >
        
        <div
          class="btn-group btn-group-sm"
        >
          <button
            class="btn btn-default"
            id="closeTask"
            type="button"
          >
            Close
          </button>
        </div>
        <div
          class="btn-group btn-group-sm"
        >
          <button
            class="btn btn-default"
            type="button"
          >
            Save
          </button>
        </div>
      </div>
    </div>
  </div>
</div>
`;
